// Jest Snapshot v1, https://goo.gl/fbAQLP

exports[`should render HelpPage correctly 1`] = `
<div>
  This is from the edit expewnse page
</div>
`;
